app/(main)/chat.tsx(779,52): error TS2339: Property 'name' does not exist on type 'Profile'.
app/(main)/settings.tsx(50,33): error TS2551: Property 'nonSubscriptionTransactionsByProductId' does not exist on type 'CustomerInfo'. Did you mean 'nonSubscriptionTransactions'?
app/(modals)/upgrade-success.tsx(91,11): error TS17001: JSX elements cannot have multiple attributes with the same name.
app/(modals)/upgrade-success.tsx(107,11): error TS17001: JSX elements cannot have multiple attributes with the same name.
app/(modals)/upgrade-success.tsx(123,11): error TS17001: JSX elements cannot have multiple attributes with the same name.
app/_layout.tsx(15,35): error TS2322: Type 'Promise<{ shouldShowAlert: true; shouldPlaySound: true; shouldSetBadge: false; }>' is not assignable to type 'Promise<NotificationBehavior>'.
  Type '{ shouldShowAlert: true; shouldPlaySound: true; shouldSetBadge: false; }' is missing the following properties from type 'NotificationBehavior': shouldShowBanner, shouldShowList
app/_layout.tsx(28,40): error TS2554: Expected 1 arguments, but got 0.
app/_layout.tsx(53,23): error TS2339: Property 'removeNotificationSubscription' does not exist on type 'typeof import("D:/MM/node_modules/expo-notifications/build/index")'.
node_modules/react-native-gifted-chat/src/Bubble/index.tsx(376,8): error TS2769: No overload matches this call.
  Overload 2 of 2, '(props: ViewProps, context: any): View', gave the following error.
    Type 'false | "" | TextStyle | ViewStyle | RegisteredStyle<TextStyle> | RecursiveArray<Falsy | TextStyle | RegisteredStyle<TextStyle>> | RegisteredStyle<...> | RecursiveArray<...> | null | undefined' is not assignable to type 'Falsy | ViewStyle | RegisteredStyle<ViewStyle> | RecursiveArray<Falsy | ViewStyle | RegisteredStyle<ViewStyle>> | readonly (Falsy | ... 1 more ... | RegisteredStyle<...>)[]'.
      Type 'TextStyle' is not assignable to type 'Falsy | ViewStyle | RegisteredStyle<ViewStyle> | RecursiveArray<Falsy | ViewStyle | RegisteredStyle<ViewStyle>> | readonly (Falsy | ... 1 more ... | RegisteredStyle<...>)[]'.
        Type 'TextStyle' is not assignable to type 'ViewStyle'.
          Types of property 'cursor' are incompatible.
            Type 'string | undefined' is not assignable to type 'CursorValue | undefined'.
              Type 'string' is not assignable to type 'CursorValue | undefined'.
  Overload 2 of 2, '(props: ViewProps, context: any): View', gave the following error.
    Type '(TextStyle | RegisteredStyle<TextStyle> | RecursiveArray<Falsy | TextStyle | RegisteredStyle<TextStyle>> | StyleProp<...>)[] | null' is not assignable to type 'Falsy | ViewStyle | RegisteredStyle<ViewStyle> | RecursiveArray<Falsy | ViewStyle | RegisteredStyle<ViewStyle>> | readonly (Falsy | ... 1 more ... | RegisteredStyle<...>)[]'.
      Type '(TextStyle | RegisteredStyle<TextStyle> | RecursiveArray<Falsy | TextStyle | RegisteredStyle<TextStyle>> | StyleProp<...>)[]' is not assignable to type 'Falsy | ViewStyle | RegisteredStyle<ViewStyle> | RecursiveArray<Falsy | ViewStyle | RegisteredStyle<ViewStyle>> | readonly (Falsy | ... 1 more ... | RegisteredStyle<...>)[]'.
        Type '(TextStyle | RegisteredStyle<TextStyle> | RecursiveArray<Falsy | TextStyle | RegisteredStyle<TextStyle>> | StyleProp<...>)[]' is not assignable to type 'RecursiveArray<Falsy | ViewStyle | RegisteredStyle<ViewStyle>>'.
          The types returned by 'pop()' are incompatible between these types.
            Type 'TextStyle | RegisteredStyle<TextStyle> | RecursiveArray<Falsy | TextStyle | RegisteredStyle<TextStyle>> | StyleProp<...>' is not assignable to type 'Falsy | ViewStyle | RegisteredStyle<ViewStyle> | RecursiveArray<Falsy | ViewStyle | RegisteredStyle<ViewStyle>> | readonly (Falsy | ... 1 more ... | RegisteredStyle<...>)[]'.
              Type 'TextStyle' is not assignable to type 'Falsy | ViewStyle | RegisteredStyle<ViewStyle> | RecursiveArray<Falsy | ViewStyle | RegisteredStyle<ViewStyle>> | readonly (Falsy | ... 1 more ... | RegisteredStyle<...>)[]'.
                Type 'TextStyle' is not assignable to type 'ViewStyle'.
                  Types of property 'cursor' are incompatible.
                    Type 'string | undefined' is not assignable to type 'CursorValue | undefined'.
                      Type 'string' is not assignable to type 'CursorValue | undefined'.
  Overload 2 of 2, '(props: ViewProps, context: any): View', gave the following error.
    Type '(TextStyle | RegisteredStyle<TextStyle> | RecursiveArray<Falsy | TextStyle | RegisteredStyle<TextStyle>> | StyleProp<...>)[] | null' is not assignable to type 'Falsy | ViewStyle | RegisteredStyle<ViewStyle> | RecursiveArray<Falsy | ViewStyle | RegisteredStyle<ViewStyle>> | readonly (Falsy | ... 1 more ... | RegisteredStyle<...>)[]'.
      Type '(TextStyle | RegisteredStyle<TextStyle> | RecursiveArray<Falsy | TextStyle | RegisteredStyle<TextStyle>> | StyleProp<...>)[]' is not assignable to type 'Falsy | ViewStyle | RegisteredStyle<ViewStyle> | RecursiveArray<Falsy | ViewStyle | RegisteredStyle<ViewStyle>> | readonly (Falsy | ... 1 more ... | RegisteredStyle<...>)[]'.
        Type '(TextStyle | RegisteredStyle<TextStyle> | RecursiveArray<Falsy | TextStyle | RegisteredStyle<TextStyle>> | StyleProp<...>)[]' is not assignable to type 'RecursiveArray<Falsy | ViewStyle | RegisteredStyle<ViewStyle>>'.
          The types returned by 'pop()' are incompatible between these types.
            Type 'TextStyle | RegisteredStyle<TextStyle> | RecursiveArray<Falsy | TextStyle | RegisteredStyle<TextStyle>> | StyleProp<...>' is not assignable to type 'Falsy | ViewStyle | RegisteredStyle<ViewStyle> | RecursiveArray<Falsy | ViewStyle | RegisteredStyle<ViewStyle>> | readonly (Falsy | ... 1 more ... | RegisteredStyle<...>)[]'.
              Type 'TextStyle' is not assignable to type 'Falsy | ViewStyle | RegisteredStyle<ViewStyle> | RecursiveArray<Falsy | ViewStyle | RegisteredStyle<ViewStyle>> | readonly (Falsy | ... 1 more ... | RegisteredStyle<...>)[]'.
                Type 'TextStyle' is not assignable to type 'ViewStyle'.
                  Types of property 'cursor' are incompatible.
                    Type 'string | undefined' is not assignable to type 'CursorValue | undefined'.
                      Type 'string' is not assignable to type 'CursorValue | undefined'.
node_modules/react-native-gifted-chat/src/Composer.tsx(76,72): error TS2322: Type 'TextStyle | ViewStyle | ImageStyle' is not assignable to type 'Falsy | TextStyle | RegisteredStyle<TextStyle> | RecursiveArray<Falsy | TextStyle | RegisteredStyle<TextStyle>> | readonly (Falsy | ... 1 more ... | RegisteredStyle<...>)[]'.
  Type 'ViewStyle' is not assignable to type 'Falsy | TextStyle | RegisteredStyle<TextStyle> | RecursiveArray<Falsy | TextStyle | RegisteredStyle<TextStyle>> | readonly (Falsy | ... 1 more ... | RegisteredStyle<...>)[]'.
    Type 'ViewStyle' is not assignable to type 'TextStyle'.
      Types of property 'userSelect' are incompatible.
        Type 'string | undefined' is not assignable to type '"text" | "none" | "auto" | "all" | "contain" | undefined'.
          Type 'string' is not assignable to type '"text" | "none" | "auto" | "all" | "contain" | undefined'.
node_modules/react-native-gifted-chat/src/Message/index.tsx(179,11): error TS2769: No overload matches this call.
  Overload 1 of 2, '(props: ViewProps): View', gave the following error.
    Type 'false | "" | TextStyle | ViewStyle | RegisteredStyle<TextStyle> | RecursiveArray<Falsy | TextStyle | RegisteredStyle<TextStyle>> | RegisteredStyle<...> | RecursiveArray<...> | null | undefined' is not assignable to type 'Falsy | ViewStyle | RegisteredStyle<ViewStyle> | RecursiveArray<Falsy | ViewStyle | RegisteredStyle<ViewStyle>> | readonly (Falsy | ... 1 more ... | RegisteredStyle<...>)[]'.
      Type 'TextStyle' is not assignable to type 'Falsy | ViewStyle | RegisteredStyle<ViewStyle> | RecursiveArray<Falsy | ViewStyle | RegisteredStyle<ViewStyle>> | readonly (Falsy | ... 1 more ... | RegisteredStyle<...>)[]'.
        Type 'TextStyle' is not assignable to type 'ViewStyle'.
          Types of property 'cursor' are incompatible.
            Type 'string | undefined' is not assignable to type 'CursorValue | undefined'.
              Type 'string' is not assignable to type 'CursorValue | undefined'.
  Overload 2 of 2, '(props: ViewProps, context: any): View', gave the following error.
    Type 'false | "" | TextStyle | ViewStyle | RegisteredStyle<TextStyle> | RecursiveArray<Falsy | TextStyle | RegisteredStyle<TextStyle>> | RegisteredStyle<...> | RecursiveArray<...> | null | undefined' is not assignable to type 'Falsy | ViewStyle | RegisteredStyle<ViewStyle> | RecursiveArray<Falsy | ViewStyle | RegisteredStyle<ViewStyle>> | readonly (Falsy | ... 1 more ... | RegisteredStyle<...>)[]'.
      Type 'TextStyle' is not assignable to type 'Falsy | ViewStyle | RegisteredStyle<ViewStyle> | RecursiveArray<Falsy | ViewStyle | RegisteredStyle<ViewStyle>> | readonly (Falsy | ... 1 more ... | RegisteredStyle<...>)[]'.
        Type 'TextStyle' is not assignable to type 'ViewStyle'.
          Types of property 'cursor' are incompatible.
            Type 'string | undefined' is not assignable to type 'CursorValue | undefined'.
              Type 'string' is not assignable to type 'CursorValue | undefined'.
node_modules/react-native-gifted-chat/src/Time.tsx(56,11): error TS2322: Type 'false | "" | TextStyle | ViewStyle | RegisteredStyle<TextStyle> | RecursiveArray<Falsy | TextStyle | RegisteredStyle<TextStyle>> | RegisteredStyle<...> | RecursiveArray<...> | null | undefined' is not assignable to type 'Falsy | TextStyle | RegisteredStyle<TextStyle> | RecursiveArray<Falsy | TextStyle | RegisteredStyle<TextStyle>> | readonly (Falsy | ... 1 more ... | RegisteredStyle<...>)[]'.
  Type 'ViewStyle' is not assignable to type 'Falsy | TextStyle | RegisteredStyle<TextStyle> | RecursiveArray<Falsy | TextStyle | RegisteredStyle<TextStyle>> | readonly (Falsy | ... 1 more ... | RegisteredStyle<...>)[]'.
    Type 'ViewStyle' is not assignable to type 'TextStyle'.
      Types of property 'userSelect' are incompatible.
        Type 'string | undefined' is not assignable to type '"text" | "none" | "auto" | "all" | "contain" | undefined'.
          Type 'string' is not assignable to type '"text" | "none" | "auto" | "all" | "contain" | undefined'.
node_modules/react-native-zoom-reanimated/src/index.tsx(1060,21): error TS2322: Type 'DefaultStyle' is not assignable to type 'false | "" | (false & Partial<CSSAnimationProperties> & Partial<CSSTransitionProperties>) | ("" & Partial<...> & Partial<...>) | ... 14 more ... | undefined'.
  Type 'TextStyle' is not assignable to type 'false | "" | (false & Partial<CSSAnimationProperties> & Partial<CSSTransitionProperties>) | ("" & Partial<...> & Partial<...>) | ... 14 more ... | undefined'.
    Type 'TextStyle' is not assignable to type '(false & Partial<CSSAnimationProperties> & Partial<CSSTransitionProperties>) | ("" & Partial<CSSAnimationProperties> & Partial<...>) | ... 12 more ... | readonly (false | ... 15 more ... | undefined)[]'.
      Type 'TextStyle' is not assignable to type '{ backfaceVisibility?: MaybeSharedValue<"visible"> | MaybeSharedValue<"hidden"> | undefined; backgroundColor?: string | OpaqueColorValue | SharedValueDisableContravariance<...> | SharedValueDisableContravariance<...> | { ...; } | undefined; ... 171 more ...; translateY?: number | ... 4 more ... | undefined; }'.
        Types of property 'cursor' are incompatible.
          Type 'string | undefined' is not assignable to type '"auto" | "pointer" | SharedValueDisableContravariance<"auto"> | SharedValueDisableContravariance<"pointer"> | undefined'.
            Type 'string' is not assignable to type '"auto" | "pointer" | SharedValueDisableContravariance<"auto"> | SharedValueDisableContravariance<"pointer"> | undefined'.
services/revenueCatService.ts(5,5): error TS2614: Module '"react-native-purchases"' has no exported member 'Offering'. Did you mean to use 'import Offering from "react-native-purchases"' instead?
supabase/functions/chat/index.ts(2,20): error TS2307: Cannot find module 'npm:openai@4.28.0' or its corresponding type declarations.
supabase/functions/chat/index.ts(10,1): error TS2304: Cannot find name 'Deno'.
supabase/functions/chat/index.ts(10,19): error TS7006: Parameter 'req' implicitly has an 'any' type.
supabase/functions/chat/index.ts(88,20): error TS2304: Cannot find name 'Deno'.
supabase/functions/scheduled-messages/index.ts(2,30): error TS2307: Cannot find module 'npm:@supabase/supabase-js@2' or its corresponding type declarations.
supabase/functions/scheduled-messages/index.ts(3,20): error TS2307: Cannot find module 'npm:openai@4.28.0' or its corresponding type declarations.
supabase/functions/scheduled-messages/index.ts(11,1): error TS2304: Cannot find name 'Deno'.
supabase/functions/scheduled-messages/index.ts(11,19): error TS7006: Parameter 'req' implicitly has an 'any' type.
supabase/functions/scheduled-messages/index.ts(17,25): error TS2304: Cannot find name 'Deno'.
supabase/functions/scheduled-messages/index.ts(18,32): error TS2304: Cannot find name 'Deno'.
supabase/functions/scheduled-messages/index.ts(19,23): error TS2304: Cannot find name 'Deno'.
supabase/functions/scheduled-messages/index.ts(55,8): error TS7006: Parameter 'p' implicitly has an 'any' type.
supabase/functions/scheduled-messages/index.ts(83,26): error TS7006: Parameter 'profile' implicitly has an 'any' type.
supabase/functions/transcribe/index.ts(2,20): error TS2307: Cannot find module 'npm:openai@4.28.0' or its corresponding type declarations.
supabase/functions/transcribe/index.ts(10,1): error TS2304: Cannot find name 'Deno'.
supabase/functions/transcribe/index.ts(10,19): error TS7006: Parameter 'req' implicitly has an 'any' type.
supabase/functions/transcribe/index.ts(16,20): error TS2304: Cannot find name 'Deno'.
